Microchip MPLAB XC8 Compiler V2.10 ()

Linker command line:

-W-3 --edf=/opt/microchip/xc8/v2.10/pic/dat/en_msgs.txt -cs \
  -h+dist/default/production/PIC18F4520_Master.X.production.sym \
  --cmf=dist/default/production/PIC18F4520_Master.X.production.cmf -z \
  -Q18F4520 -o/tmp/xcXEX3SZd --defsym=__MPLAB_BUILD=1 \
  -Mdist/default/production/PIC18F4520_Master.X.production.map -E1 -ver=XC8 \
  --acfsm=1493 -ASTACK=0200h-05FFh -pstack=STACK -ACODE=00h-07FFFh \
  -ACONST=00h-07FFFh -ASMALLCONST=0600h-06FFhx122 \
  -AMEDIUMCONST=0600h-07FFFh -ACOMRAM=01h-07Fh -AABS1=00h-05FFh \
  -ABIGRAM=01h-05FFh -ARAM=080h-0FFh,0100h-01FFhx5 -ABANK0=080h-0FFh \
  -ABANK1=0100h-01FFh -ABANK2=0200h-02FFh -ABANK3=0300h-03FFh \
  -ABANK4=0400h-04FFh -ABANK5=0500h-05FFh -ASFR=0F80h-0FFFh \
  -preset_vec=00h,intcode=08h,intcodelo,powerup,init -pramtop=0600h \
  -psmallconst=SMALLCONST -pmediumconst=MEDIUMCONST -pconst=CONST \
  -AFARRAM=00h-00h -ACONFIG=0300000h-030000Dh -pconfig=CONFIG \
  -AIDLOC=0200000h-0200007h -pidloc=IDLOC -AEEDATA=0F00000h-0F000FFh \
  -peeprom_data=EEDATA \
  -prdata=COMRAM,nvrram=COMRAM,nvbit=COMRAM,rbss=COMRAM,rbit=COMRAM \
  -pfarbss=FARRAM,fardata=FARRAM,nvFARRAM=FARRAM \
  -pintsave_regs=BIGRAM,bigbss=BIGRAM,bigdata=BIGRAM -pbss=RAM \
  -pidata=CODE,irdata=CODE,ibigdata=CODE,ifardata=CODE -prparam=COMRAM \
  /tmp/xcXp4Qjhx.o dist/default/production/PIC18F4520_Master.X.production.o 

Object code version is 3.11

Machine type is 18F4520

Call graph: (short form)




                Name                               Link     Load   Length Selector   Space Scale
/tmp/xcXp4Qjhx.o
                init                                  E        E        4        4       0
                reset_vec                             0        0        4        0       0
                idloc                            200000   200000        8   200000       0
                config                           300000   300000        E   300000       0
dist/default/production/PIC18F4520_Master.X.production.o
                intcode                               8        8        6        4       0
                temp                                 57       57        1        1       1
                mediumconst                        7DE8     7DE8      218     3EF4       0
                text13                              658      658       B2        4       0
                text12                              9DC      9DC       1E        4       0
                intcode_body                        8BA      8BA       5C        4       0
                text10                              9A4      9A4       38        4       0
                text9                                12       12      25E        4       0
                text8                               84A      84A       70        4       0
                text7                               7AA      7AA       A0        4       0
                text6                               A14      A14       16        4       0
                text5                               270      270      24A        4       0
                text4                               70A      70A       A0        4       0
                text3                               964      964       40        4       0
                text2                               4BA      4BA       E6        4       0
                text1                               9FA      9FA       1A        4       0
                text0                               5A0      5A0       B8        4       0
                cstackCOMRAM                         2F       2F       1E        1       1
                bssBANK1                            100      100      100      100       1
                dataCOMRAM                           4D       4D        8        1       1
                bssCOMRAM                             1        1       2E        1       1
                cinit                               916      916       4E        4       0
                nvCOMRAM                             55       55        2        1       1
                idataCOMRAM                         A2A      A2A        8        4       0

TOTAL           Name                               Link     Load   Length     Space
        CLASS   STACK          

        CLASS   CODE           
                intcode                               8        8        6         0
                init                                  E        E        4         0
                reset_vec                             0        0        4         0
                text13                              658      658       B2         0
                text12                              9DC      9DC       1E         0
                intcode_body                        8BA      8BA       5C         0
                text10                              9A4      9A4       38         0
                text9                                12       12      25E         0
                text8                               84A      84A       70         0
                text7                               7AA      7AA       A0         0
                text6                               A14      A14       16         0
                text5                               270      270      24A         0
                text4                               70A      70A       A0         0
                text3                               964      964       40         0
                text2                               4BA      4BA       E6         0
                text1                               9FA      9FA       1A         0
                text0                               5A0      5A0       B8         0
                cinit                               916      916       4E         0
                idataCOMRAM                         A2A      A2A        8         0

        CLASS   CONST          

        CLASS   SMALLCONST     

        CLASS   MEDIUMCONST    
                mediumconst                        7DE8     7DE8      218         0

        CLASS   COMRAM         
                temp                                 57       57        1         1
                cstackCOMRAM                         2F       2F       1E         1
                dataCOMRAM                           4D       4D        8         1
                bssCOMRAM                             1        1       2E         1
                nvCOMRAM                             55       55        2         1

        CLASS   ABS1           

        CLASS   BIGRAM         

        CLASS   RAM            

        CLASS   BANK0          

        CLASS   BANK1          
                bssBANK1                            100      100      100         1

        CLASS   BANK2          

        CLASS   BANK3          

        CLASS   BANK4          

        CLASS   BANK5          

        CLASS   SFR            

        CLASS   FARRAM         

        CLASS   CONFIG         
                config                           300000   300000        E         0

        CLASS   IDLOC          
                idloc                            200000   200000        8         0

        CLASS   EEDATA         



SEGMENTS        Name                           Load    Length   Top    Selector   Space  Class

                reset_vec                      000000  000004  000004         0       0  CODE    
                bssCOMRAM                      000001  000057  000058         1       1  COMRAM  
                intcode                        000008  000A2A  000A32         4       0  CODE    
                bssBANK1                       000100  000100  000200       100       1  BANK1   
                mediumconst                    007DE8  000218  008000      3EF4       0  MEDIUMCO
                idloc                          200000  000008  200008    200000       0  IDLOC   
                config                         300000  00000E  30000E    300000       0  CONFIG  


UNUSED ADDRESS RANGES

        Name                Unused          Largest block    Delta
        BANK0            000080-0000FF               80
        BANK2            000200-0002FF              100
        BANK3            000300-0003FF              100
        BANK4            000400-0004FF              100
        BANK5            000500-0005FF              100
        BIGRAM           000058-0000FF               A8
                         000200-0005FF              400
        CODE             000004-000007                4
                         000A32-007DE7             73B6
        COMRAM           000058-00007F               28
        CONST            000004-000007                4
                         000A32-007DE7             73B6
        EEDATA           F00000-F000FF              100
        MEDIUMCONST      000A32-007DE7             73B6
        RAM              000080-0000FF               80
                         000200-0005FF              100
        SFR              000F80-000FFF               80
        SMALLCONST       000A32-007DE7              100
        STACK            000200-0005FF              400

                                  Symbol Table

_ADCON0                    (abs)        000FC2
_ADCON1                    (abs)        000FC1
_ADCON2                    (abs)        000FC0
_ADON                      (abs)        007E10
_ADRES                     (abs)        000FC3
_EEADR                     (abs)        000FA9
_EECON1bits                (abs)        000FA6
_EECON2                    (abs)        000FA7
_EEDATA                    (abs)        000FA8
_EEIF                      (abs)        007D0C
_EN                        nvCOMRAM     000055
_GIE                       (abs)        007F97
_GODONE                    (abs)        007E11
_INTCONbits                (abs)        000FF2
_ISR                       intcode      000008
_LATA                      (abs)        000F89
_LATB                      (abs)        000F8A
_LATC                      (abs)        000F8B
_LATD                      (abs)        000F8C
_LATE                      (abs)        000F8D
_PEIE                      (abs)        007F96
_PIR1bits                  (abs)        000F9E
_PORTA                     (abs)        000F80
_PORTB                     (abs)        000F81
_PORTC                     (abs)        000F82
_PORTD                     (abs)        000F83
_PORTE                     (abs)        000F84
_PSA                       (abs)        007EAB
_RCIE                      (abs)        007CED
_RCIF                      (abs)        007CF5
_RCREG                     (abs)        000FAE
_RCSTAbits                 (abs)        000FAB
_RS                        nvCOMRAM     000056
_SPBRG                     (abs)        000FAF
_SSPADD                    (abs)        000FC8
_SSPBUF                    (abs)        000FC9
_SSPCON1                   (abs)        000FC6
_SSPCON2bits               (abs)        000FC5
_SSPSTAT                   (abs)        000FC7
_SSPSTATbits               (abs)        000FC7
_T08BIT                    (abs)        007EAE
_T0CS                      (abs)        007EAD
_T0PS0                     (abs)        007EA8
_T0PS1                     (abs)        007EA9
_T0PS2                     (abs)        007EAA
_T1CKPS0                   (abs)        007E6C
_TMR0IE                    (abs)        007F95
_TMR0IF                    (abs)        007F92
_TMR0ON                    (abs)        007EAF
_TMR1                      (abs)        000FCE
_TMR1ON                    (abs)        007E68
_TRISA                     (abs)        000F92
_TRISB                     (abs)        000F93
_TRISC                     (abs)        000F94
_TRISCbits                 (abs)        000F94
_TRISD                     (abs)        000F95
_TRISE                     (abs)        000F96
_TXREG                     (abs)        000FAD
_TXSTAbits                 (abs)        000FAC
__CFG_BOREN$ON             (abs)        000000
__CFG_LVP$OFF              (abs)        000000
__CFG_OSC$HS               (abs)        000000
__CFG_PBADEN$OFF           (abs)        000000
__CFG_WDT$OFF              (abs)        000000
__HRAM                     (abs)        000000
__Habs1                    abs1         000000
__Hbank0                   bank0        000000
__Hbank1                   bank1        000000
__Hbank2                   bank2        000000
__Hbank3                   bank3        000000
__Hbank4                   bank4        000000
__Hbank5                   bank5        000000
__Hbigbss                  bigbss       000000
__Hbigdata                 bigdata      000000
__Hbigram                  bigram       000000
__Hbss                     bss          000000
__HbssBANK1                bssBANK1     000000
__HbssCOMRAM               bssCOMRAM    000000
__Hcinit                   cinit        000000
__Hclrtext                 clrtext      000000
__Hcomram                  comram       000000
__Hconfig                  config       30000E
__Hconst                   const        000000
__HcstackCOMRAM            cstackCOMRAM 000000
__Hdata                    data         000000
__HdataCOMRAM              dataCOMRAM   000000
__Heeprom_data             eeprom_data  000000
__Hfarbss                  farbss       000000
__Hfardata                 fardata      000000
__Hibigdata                ibigdata     000000
__Hidata                   idata        000000
__HidataCOMRAM             idataCOMRAM  000000
__Hidloc                   idloc        200008
__Hifardata                ifardata     000000
__Hinit                    init         000012
__Hintcode                 intcode      00000E
__Hintcode_body            intcode_body 000000
__Hintcodelo               intcodelo    00000E
__Hintentry                intentry     000000
__Hintret                  intret       000000
__Hintsave_regs            intsave_regs 000000
__Hirdata                  irdata       000000
__Hmediumconst             mediumconst  008000
__HnvCOMRAM                nvCOMRAM     000000
__HnvFARRAM                nvFARRAM     000000
__Hnvbit                   nvbit        000000
__Hnvrram                  nvrram       000000
__Hparam                   rparam       000000
__Hpowerup                 powerup      00000E
__Hram                     ram          000000
__Hramtop                  ramtop       000600
__Hrbit                    rbit         000000
__Hrbss                    rbss         000000
__Hrdata                   rdata        000000
__Hreset_vec               reset_vec    000004
__Hrparam                  rparam       000000
__Hsfr                     sfr          000000
__Hsmallconst              smallconst   000000
__Hspace_0                 (abs)        30000E
__Hspace_1                 (abs)        000200
__Hspace_2                 (abs)        000000
__Hstack                   stack        000000
__Hstruct                  struct       000000
__Htemp                    temp         000058
__Htext                    text         000000
__Htext0                   text0        000000
__Htext1                   text1        000000
__Htext10                  text10       000000
__Htext12                  text12       000000
__Htext13                  text13       000000
__Htext2                   text2        000000
__Htext3                   text3        000000
__Htext4                   text4        000000
__Htext5                   text5        000000
__Htext6                   text6        000000
__Htext7                   text7        000000
__Htext8                   text8        000000
__Htext9                   text9        000000
__LRAM                     (abs)        000001
__Labs1                    abs1         000000
__Lbank0                   bank0        000000
__Lbank1                   bank1        000000
__Lbank2                   bank2        000000
__Lbank3                   bank3        000000
__Lbank4                   bank4        000000
__Lbank5                   bank5        000000
__Lbigbss                  bigbss       000000
__Lbigdata                 bigdata      000000
__Lbigram                  bigram       000000
__Lbss                     bss          000000
__LbssBANK1                bssBANK1     000000
__LbssCOMRAM               bssCOMRAM    000000
__Lcinit                   cinit        000000
__Lclrtext                 clrtext      000000
__Lcomram                  comram       000000
__Lconfig                  config       300000
__Lconst                   const        000000
__LcstackCOMRAM            cstackCOMRAM 000000
__Ldata                    data         000000
__LdataCOMRAM              dataCOMRAM   000000
__Leeprom_data             eeprom_data  000000
__Lfarbss                  farbss       000000
__Lfardata                 fardata      000000
__Libigdata                ibigdata     000000
__Lidata                   idata        000000
__LidataCOMRAM             idataCOMRAM  000000
__Lidloc                   idloc        200000
__Lifardata                ifardata     000000
__Linit                    init         00000E
__Lintcode                 intcode      000008
__Lintcode_body            intcode_body 000000
__Lintcodelo               intcodelo    00000E
__Lintentry                intentry     000000
__Lintret                  intret       000000
__Lintsave_regs            intsave_regs 000000
__Lirdata                  irdata       000000
__Lmediumconst             mediumconst  007DE8
__LnvCOMRAM                nvCOMRAM     000000
__LnvFARRAM                nvFARRAM     000000
__Lnvbit                   nvbit        000000
__Lnvrram                  nvrram       000000
__Lparam                   rparam       000000
__Lpowerup                 powerup      00000E
__Lram                     ram          000000
__Lramtop                  ramtop       000600
__Lrbit                    rbit         000000
__Lrbss                    rbss         000000
__Lrdata                   rdata        000000
__Lreset_vec               reset_vec    000000
__Lrparam                  rparam       000000
__Lsfr                     sfr          000000
__Lsmallconst              smallconst   000000
__Lspace_0                 (abs)        000000
__Lspace_1                 (abs)        000000
__Lspace_2                 (abs)        000000
__Lstack                   stack        000000
__Lstruct                  struct       000000
__Ltemp                    temp         000057
__Ltext                    text         000000
__Ltext0                   text0        000000
__Ltext1                   text1        000000
__Ltext10                  text10       000000
__Ltext12                  text12       000000
__Ltext13                  text13       000000
__Ltext2                   text2        000000
__Ltext3                   text3        000000
__Ltext4                   text4        000000
__Ltext5                   text5        000000
__Ltext6                   text6        000000
__Ltext7                   text7        000000
__Ltext8                   text8        000000
__Ltext9                   text9        000000
__S0                       (abs)        30000E
__S1                       (abs)        000200
__S2                       (abs)        000000
___inthi_sp                stack        000000
___intlo_sp                stack        000000
___param_bank              (abs)        000000
___rparam_used             (abs)        000001
___sp                      stack        000000
__accesstop                (abs)        000080
__activetblptr             (abs)        000002
__end_of_ISR               intcode_body 000916
__end_of__initialization   cinit        000956
__end_of_delay_ms          text10       0009DC
__end_of_gpio_pin_mode     text5        0004BA
__end_of_gpio_pin_write    text9        000270
__end_of_lcd_clear         text6        000A2A
__end_of_lcd_goto_xy       text3        0009A4
__end_of_lcd_init          text4        0007AA
__end_of_lcd_nibble        text8        0008BA
__end_of_lcd_print         text2        0005A0
__end_of_lcd_print_xy      text1        000A14
__end_of_lcd_send          text7        00084A
__end_of_main              text0        000658
__end_of_serial_interrupt  text13       00070A
__end_of_sys_interrupt     text12       0009FA
__initialization           cinit        000916
__mediumconst              mediumconst  007DE8
__pbssBANK1                bssBANK1     000100
__pbssCOMRAM               bssCOMRAM    000001
__pcinit                   cinit        000916
__pcstackCOMRAM            cstackCOMRAM 00002F
__pdataCOMRAM              dataCOMRAM   00004D
__pidataCOMRAM             idataCOMRAM  000A2A
__pintcode                 intcode      000008
__pintcode_body            intcode_body 0008BA
__pmediumconst             mediumconst  007DE8
__pnvCOMRAM                nvCOMRAM     000055
__ptext0                   text0        0005A0
__ptext1                   text1        0009FA
__ptext10                  text10       0009A4
__ptext12                  text12       0009DC
__ptext13                  text13       000658
__ptext2                   text2        0004BA
__ptext3                   text3        000964
__ptext4                   text4        00070A
__ptext5                   text5        000270
__ptext6                   text6        000A14
__ptext7                   text7        0007AA
__ptext8                   text8        00084A
__ptext9                   text9        000012
__ramtop                   ramtop       000600
__size_of_ISR              (abs)        000000
__size_of_delay_ms         (abs)        000000
__size_of_gpio_pin_mode    (abs)        000000
__size_of_gpio_pin_write   (abs)        000000
__size_of_lcd_clear        (abs)        000000
__size_of_lcd_goto_xy      (abs)        000000
__size_of_lcd_init         (abs)        000000
__size_of_lcd_nibble       (abs)        000000
__size_of_lcd_print        (abs)        000000
__size_of_lcd_print_xy     (abs)        000000
__size_of_lcd_send         (abs)        000000
__size_of_main             (abs)        000000
__size_of_serial_interrupt (abs)        000000
__size_of_sys_interrupt    (abs)        000000
__smallconst               smallconst   000000
_bits                      bssCOMRAM    000021
_delay_ms                  text10       0009A4
_gpio_pin_mode             text5        000270
_gpio_pin_write            text9        000012
_humidity                  bssCOMRAM    00002D
_lcd_clear                 text6        000A14
_lcd_data_pins             bssCOMRAM    000026
_lcd_goto_xy               text3        000964
_lcd_init                  text4        00070A
_lcd_nibble                text8        00084A
_lcd_print                 text2        0004BA
_lcd_print_xy              text1        0009FA
_lcd_send                  text7        0007AA
_main                      text0        0005A0
_rxBuffer                  bssBANK1     000100
_rx_Buffer_Head            dataCOMRAM   000053
_rx_Buffer_Tail            dataCOMRAM   000051
_serial_interrupt          text13       000658
_sys_interrupt             text12       0009DC
_system_tick               bssCOMRAM    00002A
_temperature               bssCOMRAM    00002C
_timer_count               bssCOMRAM    00002E
btemp                      temp         000057
delay_ms@d                 cstackCOMRAM 000034
delay_ms@i                 cstackCOMRAM 000037
end_of_initialization      cinit        000956
gpio_pin_mode@mode         cstackCOMRAM 000034
gpio_pin_mode@pin          cstackCOMRAM 000037
gpio_pin_write@bit_val     cstackCOMRAM 000034
gpio_pin_write@pin         cstackCOMRAM 000037
int$flags                  temp         000057
int_func                   intcode_body 0008BA
intlevel0                  text         000000
intlevel1                  text         000000
intlevel2                  text         000000
intlevel3                  text         000000
lcd_goto_xy@x              cstackCOMRAM 000041
lcd_goto_xy@y              cstackCOMRAM 000040
lcd_init@d4                cstackCOMRAM 000040
lcd_init@d5                cstackCOMRAM 000042
lcd_init@d6                cstackCOMRAM 000044
lcd_init@d7                cstackCOMRAM 000046
lcd_init@en                cstackCOMRAM 00004A
lcd_init@i                 cstackCOMRAM 00004C
lcd_init@rs                cstackCOMRAM 000048
lcd_nibble@i               cstackCOMRAM 00003B
lcd_nibble@nibble          cstackCOMRAM 00003A
lcd_print@str              cstackCOMRAM 000040
lcd_print_xy@str           cstackCOMRAM 000043
lcd_print_xy@x             cstackCOMRAM 000045
lcd_print_xy@y             cstackCOMRAM 000042
lcd_send@byte              cstackCOMRAM 00003F
lcd_send@high_nibble       cstackCOMRAM 00003D
lcd_send@low_nibble        cstackCOMRAM 00003E
lcd_send@rs_pin            cstackCOMRAM 00003C
rtc_test@F3039             dataCOMRAM   00004D
serial_interrupt@rxData    cstackCOMRAM 000031
stackhi                    (abs)        0005FF
stacklo                    (abs)        000200
start                      init         00000E
start_initialization       cinit        000916
ttemp5                     temp         000058
ttemp6                     temp         00005B
ttemp7                     temp         00005F
wtemp8                     temp         000058


FUNCTION INFORMATION:

 *************** function _main *****************
 Defined at:
		line 13 in file "main.c"
 Parameters:    Size  Location     Type
		None
 Auto vars:     Size  Location     Type
		None
 Return value:  Size  Location     Type
                  1    wreg      void 
 Registers used:
		wreg, fsr0l, fsr0h, fsr2l, fsr2h, status,2, status,0, tblptrl, tblptrh, tblptru, cstack
 Tracked objects:
		On entry : 
		On exit  : 
		Unchanged: 
 Data sizes:     COMRAM   BANK0   BANK1   BANK2   BANK3   BANK4   BANK5
      Params:         0       0       0       0       0       0       0
      Locals:         0       0       0       0       0       0       0
      Temps:          0       0       0       0       0       0       0
      Totals:         0       0       0       0       0       0       0
Total ram usage:        0 bytes
 Hardware stack levels required when called:    7
 This function calls:
		_delay_ms
		_gpio_pin_mode
		_gpio_pin_write
		_lcd_clear
		_lcd_init
		_lcd_print_xy
 This function is called by:
		Startup code after reset
 This function uses a non-reentrant model


 *************** function _lcd_print_xy *****************
 Defined at:
		line 114 in file "modules/lcd/lcd.c"
 Parameters:    Size  Location     Type
  x               1    wreg     unsigned char 
  y               1   19[COMRAM] unsigned char 
  str             2   20[COMRAM] PTR const unsigned char 
		 -> STR_56(14), STR_55(8), STR_43(3), STR_40(8), 
		 -> STR_28(14), system_tick_test@x1(16), STR_21(14), adc_test@line1(16), 
		 -> STR_20(14), STR_19(8), STR_18(8), hcsr04_test@line1(16), 
		 -> STR_16(8), gsm_test@msg(30), gsm_test@no(15), STR_12(16), 
		 -> STR_11(7), gsm_test@pname(10), STR_10(9), STR_7(11), 
		 -> gsm_msg_send@gsm_resp(32), gsm_init@gsm_resp(32), 
 Auto vars:     Size  Location     Type
  x               1   22[COMRAM] unsigned char 
 Return value:  Size  Location     Type
                  1    wreg      void 
 Registers used:
		wreg, fsr0l, fsr0h, fsr2l, fsr2h, status,2, status,0, tblptrl, tblptrh, tblptru, cstack
 Tracked objects:
		On entry : 
		On exit  : 
		Unchanged: 
 Data sizes:     COMRAM   BANK0   BANK1   BANK2   BANK3   BANK4   BANK5
      Params:         3       0       0       0       0       0       0
      Locals:         1       0       0       0       0       0       0
      Temps:          0       0       0       0       0       0       0
      Totals:         4       0       0       0       0       0       0
Total ram usage:        4 bytes
 Hardware stack levels used:    1
 Hardware stack levels required when called:    6
 This function calls:
		_lcd_goto_xy
		_lcd_print
 This function is called by:
		_main
		_debug
		_gsm_test
		_hcsr04_test
		_lcd_test
		_adc_test
		_system_tick_test
		_rtc_test
 This function uses a non-reentrant model


 *************** function _lcd_print *****************
 Defined at:
		line 78 in file "modules/lcd/lcd.c"
 Parameters:    Size  Location     Type
  str             2   17[COMRAM] PTR const unsigned char 
		 -> STR_56(14), STR_55(8), STR_43(3), STR_40(8), 
		 -> STR_28(14), system_tick_test@x1(16), STR_21(14), adc_test@line1(16), 
		 -> STR_20(14), STR_19(8), STR_18(8), hcsr04_test@line1(16), 
		 -> STR_16(8), gsm_test@msg(30), gsm_test@no(15), STR_12(16), 
		 -> STR_11(7), gsm_test@pname(10), STR_10(9), STR_7(11), 
		 -> gsm_msg_send@gsm_resp(32), gsm_init@gsm_resp(32), 
 Auto vars:     Size  Location     Type
		None
 Return value:  Size  Location     Type
                  1    wreg      void 
 Registers used:
		wreg, fsr0l, fsr0h, fsr2l, fsr2h, status,2, status,0, tblptrl, tblptrh, tblptru, cstack
 Tracked objects:
		On entry : 
		On exit  : 
		Unchanged: 
 Data sizes:     COMRAM   BANK0   BANK1   BANK2   BANK3   BANK4   BANK5
      Params:         2       0       0       0       0       0       0
      Locals:         0       0       0       0       0       0       0
      Temps:          0       0       0       0       0       0       0
      Totals:         2       0       0       0       0       0       0
Total ram usage:        2 bytes
 Hardware stack levels used:    1
 Hardware stack levels required when called:    5
 This function calls:
		_lcd_send
 This function is called by:
		_lcd_print_xy
 This function uses a non-reentrant model


 *************** function _lcd_goto_xy *****************
 Defined at:
		line 105 in file "modules/lcd/lcd.c"
 Parameters:    Size  Location     Type
  x               1    wreg     unsigned char 
  y               1   17[COMRAM] unsigned char 
 Auto vars:     Size  Location     Type
  x               1   18[COMRAM] unsigned char 
 Return value:  Size  Location     Type
                  1    wreg      void 
 Registers used:
		wreg, fsr2l, fsr2h, status,2, status,0, cstack
 Tracked objects:
		On entry : 
		On exit  : 
		Unchanged: 
 Data sizes:     COMRAM   BANK0   BANK1   BANK2   BANK3   BANK4   BANK5
      Params:         1       0       0       0       0       0       0
      Locals:         1       0       0       0       0       0       0
      Temps:          0       0       0       0       0       0       0
      Totals:         2       0       0       0       0       0       0
Total ram usage:        2 bytes
 Hardware stack levels used:    1
 Hardware stack levels required when called:    5
 This function calls:
		_lcd_send
 This function is called by:
		_lcd_print_xy
 This function uses a non-reentrant model


 *************** function _lcd_init *****************
 Defined at:
		line 10 in file "modules/lcd/lcd.c"
 Parameters:    Size  Location     Type
  d4              2   17[COMRAM] int 
  d5              2   19[COMRAM] int 
  d6              2   21[COMRAM] int 
  d7              2   23[COMRAM] int 
  rs              2   25[COMRAM] int 
  en              2   27[COMRAM] int 
 Auto vars:     Size  Location     Type
  i               1   29[COMRAM] unsigned char 
 Return value:  Size  Location     Type
                  1    wreg      void 
 Registers used:
		wreg, fsr2l, fsr2h, status,2, status,0, cstack
 Tracked objects:
		On entry : 
		On exit  : 
		Unchanged: 
 Data sizes:     COMRAM   BANK0   BANK1   BANK2   BANK3   BANK4   BANK5
      Params:        12       0       0       0       0       0       0
      Locals:         1       0       0       0       0       0       0
      Temps:          0       0       0       0       0       0       0
      Totals:        13       0       0       0       0       0       0
Total ram usage:       13 bytes
 Hardware stack levels used:    1
 Hardware stack levels required when called:    5
 This function calls:
		_gpio_pin_mode
		_lcd_send
 This function is called by:
		_main
		_gsm_test
		_hcsr04_test
		_lcd_test
		_adc_test
		_system_tick_test
		_rtc_test
 This function uses a non-reentrant model


 *************** function _gpio_pin_mode *****************
 Defined at:
		line 4 in file "lib/gpio/gpio.c"
 Parameters:    Size  Location     Type
  pin             1    wreg     unsigned char 
  mode            1    5[COMRAM] unsigned char 
 Auto vars:     Size  Location     Type
  pin             1    8[COMRAM] unsigned char 
 Return value:  Size  Location     Type
                  1    wreg      void 
 Registers used:
		wreg, status,2, status,0
 Tracked objects:
		On entry : 
		On exit  : 
		Unchanged: 
 Data sizes:     COMRAM   BANK0   BANK1   BANK2   BANK3   BANK4   BANK5
      Params:         1       0       0       0       0       0       0
      Locals:         1       0       0       0       0       0       0
      Temps:          2       0       0       0       0       0       0
      Totals:         4       0       0       0       0       0       0
Total ram usage:        4 bytes
 Hardware stack levels used:    1
 Hardware stack levels required when called:    2
 This function calls:
		Nothing
 This function is called by:
		_lcd_init
		_main
		_dht_readSensor
		_HCSR04_init
		_io_test
 This function uses a non-reentrant model


 *************** function _lcd_clear *****************
 Defined at:
		line 36 in file "modules/lcd/lcd.c"
 Parameters:    Size  Location     Type
		None
 Auto vars:     Size  Location     Type
		None
 Return value:  Size  Location     Type
                  1    wreg      void 
 Registers used:
		wreg, fsr2l, fsr2h, status,2, status,0, cstack
 Tracked objects:
		On entry : 
		On exit  : 
		Unchanged: 
 Data sizes:     COMRAM   BANK0   BANK1   BANK2   BANK3   BANK4   BANK5
      Params:         0       0       0       0       0       0       0
      Locals:         0       0       0       0       0       0       0
      Temps:          0       0       0       0       0       0       0
      Totals:         0       0       0       0       0       0       0
Total ram usage:        0 bytes
 Hardware stack levels used:    1
 Hardware stack levels required when called:    5
 This function calls:
		_lcd_send
 This function is called by:
		_main
		_debug
		_gsm_test
		_hcsr04_test
		_lcd_test
		_adc_test
		_system_tick_test
		_rtc_test
 This function uses a non-reentrant model


 *************** function _lcd_send *****************
 Defined at:
		line 54 in file "modules/lcd/lcd.c"
 Parameters:    Size  Location     Type
  byte            1    wreg     unsigned char 
  rs_pin          1   13[COMRAM] unsigned char 
 Auto vars:     Size  Location     Type
  byte            1   16[COMRAM] unsigned char 
  low_nibble      1   15[COMRAM] unsigned char 
  high_nibble     1   14[COMRAM] unsigned char 
 Return value:  Size  Location     Type
                  1    wreg      void 
 Registers used:
		wreg, fsr2l, fsr2h, status,2, status,0, cstack
 Tracked objects:
		On entry : 
		On exit  : 
		Unchanged: 
 Data sizes:     COMRAM   BANK0   BANK1   BANK2   BANK3   BANK4   BANK5
      Params:         1       0       0       0       0       0       0
      Locals:         3       0       0       0       0       0       0
      Temps:          0       0       0       0       0       0       0
      Totals:         4       0       0       0       0       0       0
Total ram usage:        4 bytes
 Hardware stack levels used:    1
 Hardware stack levels required when called:    4
 This function calls:
		_delay_ms
		_gpio_pin_write
		_lcd_nibble
 This function is called by:
		_lcd_init
		_lcd_clear
		_lcd_print
		_lcd_goto_xy
 This function uses a non-reentrant model


 *************** function _lcd_nibble *****************
 Defined at:
		line 42 in file "modules/lcd/lcd.c"
 Parameters:    Size  Location     Type
  nibble          1    wreg     unsigned char 
 Auto vars:     Size  Location     Type
  nibble          1   11[COMRAM] unsigned char 
  i               1   12[COMRAM] unsigned char 
 Return value:  Size  Location     Type
                  1    wreg      void 
 Registers used:
		wreg, fsr2l, fsr2h, status,2, status,0, cstack
 Tracked objects:
		On entry : 
		On exit  : 
		Unchanged: 
 Data sizes:     COMRAM   BANK0   BANK1   BANK2   BANK3   BANK4   BANK5
      Params:         0       0       0       0       0       0       0
      Locals:         2       0       0       0       0       0       0
      Temps:          2       0       0       0       0       0       0
      Totals:         4       0       0       0       0       0       0
Total ram usage:        4 bytes
 Hardware stack levels used:    1
 Hardware stack levels required when called:    3
 This function calls:
		_gpio_pin_write
 This function is called by:
		_lcd_send
 This function uses a non-reentrant model


 *************** function _gpio_pin_write *****************
 Defined at:
		line 68 in file "lib/gpio/gpio.c"
 Parameters:    Size  Location     Type
  pin             1    wreg     unsigned char 
  bit_val         1    5[COMRAM] unsigned char 
 Auto vars:     Size  Location     Type
  pin             1    8[COMRAM] unsigned char 
 Return value:  Size  Location     Type
                  1    wreg      void 
 Registers used:
		wreg, status,2, status,0
 Tracked objects:
		On entry : 
		On exit  : 
		Unchanged: 
 Data sizes:     COMRAM   BANK0   BANK1   BANK2   BANK3   BANK4   BANK5
      Params:         1       0       0       0       0       0       0
      Locals:         1       0       0       0       0       0       0
      Temps:          2       0       0       0       0       0       0
      Totals:         4       0       0       0       0       0       0
Total ram usage:        4 bytes
 Hardware stack levels used:    1
 Hardware stack levels required when called:    2
 This function calls:
		Nothing
 This function is called by:
		_lcd_nibble
		_lcd_send
		_main
		_dht_readSensor
		_HCSR04_trigger
		_io_test
 This function uses a non-reentrant model


 *************** function _delay_ms *****************
 Defined at:
		line 4 in file "lib/delay/delay.c"
 Parameters:    Size  Location     Type
  d               2    5[COMRAM] unsigned int 
 Auto vars:     Size  Location     Type
  i               2    8[COMRAM] int 
 Return value:  Size  Location     Type
                  1    wreg      void 
 Registers used:
		wreg, status,2, status,0
 Tracked objects:
		On entry : 
		On exit  : 
		Unchanged: 
 Data sizes:     COMRAM   BANK0   BANK1   BANK2   BANK3   BANK4   BANK5
      Params:         2       0       0       0       0       0       0
      Locals:         2       0       0       0       0       0       0
      Temps:          1       0       0       0       0       0       0
      Totals:         5       0       0       0       0       0       0
Total ram usage:        5 bytes
 Hardware stack levels used:    1
 Hardware stack levels required when called:    2
 This function calls:
		Nothing
 This function is called by:
		_lcd_send
		_main
		_dht_readSensor
		_gsm_msg_send
		_gsm_msg_read
		_debug
		_gsm_test
		_mpu6050_test
		_hcsr04_test
		_adc_test
		_system_tick_test
		_mcp32_test
		_i2c_eeprom_test
		_rtc_test
		_dht11_test
 This function uses a non-reentrant model


 *************** function _ISR *****************
 Defined at:
		line 5 in file "lib/isr/isr.c"
 Parameters:    Size  Location     Type
		None
 Auto vars:     Size  Location     Type
		None
 Return value:  Size  Location     Type
                  1    wreg      void 
 Registers used:
		wreg, fsr2l, fsr2h, status,2, status,0, cstack
 Tracked objects:
		On entry : 
		On exit  : 
		Unchanged: 
 Data sizes:     COMRAM   BANK0   BANK1   BANK2   BANK3   BANK4   BANK5
      Params:         0       0       0       0       0       0       0
      Locals:         0       0       0       0       0       0       0
      Temps:          2       0       0       0       0       0       0
      Totals:         2       0       0       0       0       0       0
Total ram usage:        2 bytes
 Hardware stack levels used:    1
 Hardware stack levels required when called:    1
 This function calls:
		_serial_interrupt
		_sys_interrupt
 This function is called by:
		Interrupt level 2
 This function uses a non-reentrant model


 *************** function _sys_interrupt *****************
 Defined at:
		line 20 in file "lib/systick/systick.c"
 Parameters:    Size  Location     Type
		None
 Auto vars:     Size  Location     Type
		None
 Return value:  Size  Location     Type
                  1    wreg      void 
 Registers used:
		wreg, status,2, status,0
 Tracked objects:
		On entry : 
		On exit  : 
		Unchanged: 
 Data sizes:     COMRAM   BANK0   BANK1   BANK2   BANK3   BANK4   BANK5
      Params:         0       0       0       0       0       0       0
      Locals:         0       0       0       0       0       0       0
      Temps:          0       0       0       0       0       0       0
      Totals:         0       0       0       0       0       0       0
Total ram usage:        0 bytes
 Hardware stack levels used:    1
 This function calls:
		Nothing
 This function is called by:
		_ISR
 This function uses a non-reentrant model


 *************** function _serial_interrupt *****************
 Defined at:
		line 82 in file "lib/serial/serial.c"
 Parameters:    Size  Location     Type
		None
 Auto vars:     Size  Location     Type
  rxData          1    2[COMRAM] unsigned char 
 Return value:  Size  Location     Type
                  1    wreg      void 
 Registers used:
		wreg, fsr2l, fsr2h, status,2, status,0
 Tracked objects:
		On entry : 
		On exit  : 
		Unchanged: 
 Data sizes:     COMRAM   BANK0   BANK1   BANK2   BANK3   BANK4   BANK5
      Params:         0       0       0       0       0       0       0
      Locals:         1       0       0       0       0       0       0
      Temps:          2       0       0       0       0       0       0
      Totals:         3       0       0       0       0       0       0
Total ram usage:        3 bytes
 Hardware stack levels used:    1
 This function calls:
		Nothing
 This function is called by:
		_ISR
 This function uses a non-reentrant model



MODULE INFORMATION

Module		Function		Class		Link	Load	Size
lib/systick/systick.c
		_sys_interrupt 		CODE           	09DC	0000	31

lib/systick/systick.c estimated size: 31

lib/gpio/gpio.c
		_gpio_pin_write		CODE           	0012	0000	607
		_gpio_pin_mode 		CODE           	0270	0000	587

lib/gpio/gpio.c estimated size: 1194

lib/delay/delay.c
		_delay_ms      		CODE           	09A4	0000	57

lib/delay/delay.c estimated size: 57

lib/isr/isr.c
		_ISR           		CODE           	0008	0000	99

lib/isr/isr.c estimated size: 99

shared
		__initialization		CODE           	0916	0000	65

shared estimated size: 65

modules/lcd/lcd.c
		_lcd_send      		CODE           	07AA	0000	161
		_lcd_nibble    		CODE           	084A	0000	113
		_lcd_clear     		CODE           	0A14	0000	23
		_lcd_print     		CODE           	04BA	0000	231
		_lcd_goto_xy   		CODE           	0964	0000	65
		_lcd_print_xy  		CODE           	09FA	0000	27
		_lcd_init      		CODE           	070A	0000	161

modules/lcd/lcd.c estimated size: 781

lib/serial/serial.c
		_serial_interrupt		CODE           	0658	0000	179

lib/serial/serial.c estimated size: 179

main.c
		_main          		CODE           	05A0	0000	185

main.c estimated size: 185

